<html>
<body>
<pre>
<h1>µVision Build Log</h1>
<h2>Project:</h2>
E:\Elink407\Audio_wm8978_ELink407\src\audio_wm8978_ELink407\project\Record.uvproj
Project File Date:  09/15/2015

<h2>Output:</h2>
Build target 'Record'
compiling main_record.c...
compiling fattester.c...
linking...
Program Size: Code=36460 RO-data=1776 RW-data=272 ZI-data=1236016  
FromELF: creating hex file...
"..\OBJ\Record.axf" - 0 Error(s), 0 Warning(s).
Load "..\\OBJ\\Record.axf" 
Full Chip Erase Done.
Programming Done.
Verify OK.
Clean started: Project: 'Record'
   deleting intermediate output files for target 'Record'
</pre>
</body>
</html>
mpiling diskio.c...
compiling exfuns.c...
compiling fattester.c...
compiling ff.c...
compiling mycc936.c...
compiling misc.c...
compiling stm32f4xx_dac.c...
compiling stm32f4xx_dma.c...
compiling stm32f4xx_exti.c...
compiling stm32f4xx_fsmc.c...
compiling stm32f4xx_gpio.c...
compiling stm32f4xx_i2c.c...
compiling stm32f4xx_iwdg.c...
compiling stm32f4xx_rcc.c...
compiling stm32f4xx_rtc.c...
compiling stm32f4xx_sdio.c...
compiling stm32f4xx_spi.c...
compiling stm32f4xx_syscfg.c...
compiling stm32f4xx_tim.c...
compiling stm32f4xx_usart.c...
compiling malloc.c...
linking...
Program Size: Code=35362 RO-data=1770 RW-data=252 ZI-data=1236004  
FromELF: creating hex file...
"..\OBJ\Record.axf" - 0 Error(s), 0 Warning(s).
ning(s).
Load "..\\OBJ\\AudioPlayer.axf" 
Full Chip Erase Done.
Programming Done.
Verify OK.
