<html>
<body>
<pre>
<h1>µVision Build Log</h1>
<h2>Project:</h2>
E:\Elink407\Audio_wm8978_ELink407\src\audio_wm8978_ELink407\project\AudioPlayer.uvproj
Project File Date:  09/12/2015

<h2>Output:</h2>
Build target 'AudioPlayer'
compiling main.c...
compiling delay.c...
compiling i2s.c...
compiling led.c...
compiling myiic.c...
compiling sdio_sdcard.c...
compiling spi.c...
compiling sys.c...
compiling usart.c...
compiling wm8978.c...
compiling key.c...
compiling wavplay.c...
compiling audioplay.c...
compiling stm32f4xx_it.c...
compiling system_stm32f4xx.c...
assembling startup_stm32f40_41xxx.s...
compiling diskio.c...
compiling exfuns.c...
compiling fattester.c...
compiling ff.c...
compiling mycc936.c...
compiling misc.c...
compiling stm32f4xx_dac.c...
compiling stm32f4xx_dma.c...
compiling stm32f4xx_exti.c...
compiling stm32f4xx_fsmc.c...
compiling stm32f4xx_gpio.c...
compiling stm32f4xx_i2c.c...
compiling stm32f4xx_iwdg.c...
compiling stm32f4xx_rcc.c...
compiling stm32f4xx_rtc.c...
compiling stm32f4xx_sdio.c...
compiling stm32f4xx_spi.c...
compiling stm32f4xx_syscfg.c...
compiling stm32f4xx_tim.c...
compiling stm32f4xx_usart.c...
compiling malloc.c...
linking...
Program Size: Code=34604 RO-data=1772 RW-data=248 ZI-data=1236008  
FromELF: creating hex file...
"..\OBJ\AudioPlayer.axf" - 0 Error(s), 0 Warning(s).
Clean started: Project: 'AudioPlayer'
   deleting intermediate output files for target 'AudioPlayer'
</pre>
</body>
</html>
sart.c...
compiling malloc.c...
"..\OBJ\AudioPlayer.axf" - 2 Error(s), 0 Warning(s).
Target not created
ling stm32f4xx_i2c.c...
compiling stm32f4xx_iwdg.c...
compiling stm32f4xx_rcc.c...
compiling stm32f4xx_rtc.c...
compiling stm32f4xx_sdio.c...
compiling stm32f4xx_spi.c...
compiling stm32f4xx_syscfg.c...
compiling stm32f4xx_tim.c...
compiling stm32f4xx_usart.c...
compiling malloc.c...
"..\OBJ\AudioPlayer.axf" - 4 Error(s), 0 Warning(s).
Target not created
